2026-07-25 13:13:01 [main] DEBUG com.example.Task6.EmployeeService - Entering addEmployee()
2026-07-25 13:13:01 [main] DEBUG com.example.Task6.EmployeeService - Employee object received
2026-07-25 13:13:01 [main] DEBUG com.example.Task6.EmployeeService - Database operation started
2026-07-25 13:13:01 [main] INFO  com.example.Task6.EmployeeService - Employee created successfully
2026-07-25 13:13:01 [main] DEBUG com.example.Task6.EmployeeService - Entering updateEmployee()
2026-07-25 13:13:01 [main] DEBUG com.example.Task6.EmployeeService - Employee object received
2026-07-25 13:13:01 [main] DEBUG com.example.Task6.EmployeeService - Database operation started
2026-07-25 13:13:01 [main] INFO  com.example.Task6.EmployeeService - Employee updated successfully
2026-07-25 13:13:01 [main] DEBUG com.example.Task6.EmployeeService - Entering deleteEmployee()
2026-07-25 13:13:01 [main] DEBUG com.example.Task6.EmployeeService - Database operation started
2026-07-25 13:13:01 [main] INFO  com.example.Task6.EmployeeService - Employee deleted successfully
2026-07-25 13:13:01 [main] DEBUG com.example.Task6.EmployeeService - Entering getEmployee()
2026-07-25 13:13:01 [main] DEBUG com.example.Task6.EmployeeService - Database operation started
2026-07-25 13:13:01 [main] INFO  com.example.Task6.EmployeeService - Employee retrieved successfully
2026-07-25 13:13:01 [main] WARN  com.example.Task6.EmployeeService - Invalid employee ID:-5
2026-07-25 13:13:01 [main] WARN  com.example.Task6.EmployeeService - Employee search returned no reults.
2026-07-25 13:13:01 [main] WARN  com.example.Task6.EmployeeService - Employee email already exixts
2026-07-25 13:13:01 [main] ERROR com.example.Task6.EmployeeService - Database connection failed
java.sql.SQLException: unable to connect to database
	at com.example.Task7.EmployeeService.databaseConnection(EmployeeService.java:54)
	at com.example.Task7.Main.main(Main.java:19)
2026-07-25 13:13:01 [main] ERROR com.example.Task6.EmployeeService - SQL exception occured
java.sql.SQLException: SQL operation failed
	at com.example.Task7.EmployeeService.sqlOperation(EmployeeService.java:63)
	at com.example.Task7.Main.main(Main.java:20)
2026-07-25 13:13:01 [main] ERROR com.example.Task6.EmployeeService - Employee not found with id:999
java.lang.Exception: Employee not found
	at com.example.Task7.EmployeeService.findEmployee(EmployeeService.java:74)
	at com.example.Task7.Main.main(Main.java:21)
